---
source: crates/widgets/tests/snapshots.rs
expression: out
---
┌ Todo 1 ────────────────────┐┌ Doing 1/2 ─────────────────┐
│┌──────────────────────────┐││┌──────────────────────────┐│
││↑ ● Write widgets         ││││· ○ Hook up event loop    ││
││                          ││││                          ││
││                          ││││                          ││
││                          ││││                          ││
│└──────────────────────────┘││└──────────────────────────┘│
│                            ││                            │
│                            ││                            │
│                            ││                            │
│                            ││                            │
│                            ││                            │
│                            ││                            │
└────────────────────────────┘└────────────────────────────┘
