---
source: crates/widgets/tests/snapshots.rs
expression: out
---
┌ In progress 2/3 ───────────┐
│┌──────────────────────────┐│
││! ● First task            ││
││                          ││
││                          ││
││                          ││
│└──────────────────────────┘│
│┌──────────────────────────┐│
││↓ ○ Second task           ││
││                          ││
││                          ││
││                          ││
│└──────────────────────────┘│
│                            │
│                            │
│                            │
│                            │
│                            │
│                            │
└────────────────────────────┘
